[www.swarksha.org/index.html]
[backblue.gif]
[fade.gif]
[index.html]
[www.swarksha.org/wp-includes/css/dist/block-library/style.min.css,qver=5.3.2.pagespeed.ce.nu3cUbC0ol.css]
[www.swarksha.org/wp-content/plugins/google-language-translator/css/A.style.css,qver=6.0.3.pagespeed.cf.9lf7_Ptp4p.css]
[www.swarksha.org/wp-content/plugins/google-language-translator/css/A.toolbar.css,qver=6.0.3.pagespeed.cf.Nn8JN1agSk.css]
[www.swarksha.org/feed/index.html]
[www.swarksha.org/comments/feed/index.html]
[www.swarksha.org/wp-content/plugins/sp-news-and-widget/assets/css/A.stylenews.css,qver=4.2.pagespeed.cf.9VV_Enr8VG.css]
[www.swarksha.org/wp-content/themes/twentynineteen/A.style.css,qver=1.4.pagespeed.cf.8KpZ4tMKXP.css]
[www.swarksha.org/wp-content/themes/twentynineteen/A.print.css,qver=1.4.pagespeed.cf.cJxSsWHbdG.css]
[www.swarksha.org/wp-content/plugins/elementor/assets/lib/eicons/css/A.elementor-icons.min.css,qver=5.5.0.pagespeed.cf.t1QswRRtW1.css]
[use.fontawesome.com/releases/v5.12.0/css/all.css]
[www.swarksha.org/wp-content/plugins/elementor/assets/lib/animations/animations.min.css,qver=2.8.2.pagespeed.ce.RgG6VQREE3.css]
[www.swarksha.org/wp-content/plugins/elementor/assets/css/frontend.min.css,qver=2.8.2.pagespeed.ce.18shS0Z9Pm.css]
[www.swarksha.org/wp-content/plugins/elementor-pro/assets/css/frontend.min.css,qver=2.2.5.pagespeed.ce.Cqh0RVlyQb.css]
[www.swarksha.org/wp-content/uploads/elementor/css/A.global.css,qver=1576660314.pagespeed.cf.kbxQTW_JuE.css]
[www.swarksha.org/wp-content/uploads/elementor/css/A.post-8.css,qver=1576782255.pagespeed.cf.Vx_zWlU4TI.css]
[cdn.jsdelivr.net/fontawesome/4.7.0/css/font-awesome.min1849.css]
[www.swarksha.org/wp-content/plugins/elementor/assets/lib/font-awesome/css/A.fontawesome.min.css,qver=5.9.0.pagespeed.cf.rNWeQGtd2r.css]
[use.fontawesome.com/releases/v5.12.0/css/v4-shims.css]
[www.swarksha.org/wp-content/plugins/elementor/assets/lib/font-awesome/webfonts/fa-solid-900.eot]
[www.swarksha.org/wp-content/plugins/elementor/assets/lib/font-awesome/webfonts/fa-solid-900.woff2]
[www.swarksha.org/wp-content/plugins/elementor/assets/lib/font-awesome/webfonts/fa-solid-900d41d.eot]
[www.swarksha.org/wp-content/plugins/elementor/assets/lib/font-awesome/webfonts/fa-solid-900.woff]
[www.swarksha.org/wp-content/plugins/elementor/assets/lib/font-awesome/webfonts/fa-solid-900.ttf]
[www.swarksha.org/wp-includes/js/jquery/jquery.js,qver=1.12.4-wp.pagespeed.jm.gp20iU5FlU.js]
[www.swarksha.org/xmlrpc0db0.php]
[www.swarksha.org/wp-includes,_js,_jquery,_jquery-migrate.min.js,qver==1.4.1+wp-content,_plugins,_sp-news-and-widget,_assets,_js,_jquery.newstape.js,qver==4.2+wp-content,_plugins,_sp-news-and-widget,_assets,_js,_sp-n]
[www.swarksha.org/wp-includes/wlwmanifest.xml]
[www.swarksha.org/wp-json/index.html]
[www.swarksha.org/wp-json/oembed/1.0/embed4e7a.json]
[www.swarksha.org/wp-json/oembed/1.0/embed2eeb]
[www.swarksha.org/wp-content/uploads/2019/12/cropped-167-32x32.png.pagespeed.ce.oeLFCS9qzA.png]
[www.swarksha.org/wp-content/uploads/2019/12/xcropped-167-192x192.png.pagespeed.ic.EO_6vRcv5K.png]
[www.swarksha.org/wp-content/uploads/2019/12/xcropped-167-180x180.png.pagespeed.ic.wOPrYEyyhW.png]
[www.swarksha.org/wp-content/uploads/2019/12/x167.png.pagespeed.ic.0po5n25_Jw.png]
[www.swarksha.org/wp-content/uploads/2019/12/xExpec-x-e1576664161322.jpg.pagespeed.ic.Xkw7xUKoso.jpg]
[www.swarksha.org/wp-content/uploads/2019/12/xsec.jpeg.pagespeed.ic.fL_Mm8XXyW.jpg]
[www.swarksha.org/wp-content/uploads/2019/12/xWhatsApp-Image-2019-12-17-at-9.00.41-PM.jpeg.pagespeed.ic.YWMzHf0-0P.jpg]
[www.swarksha.org/wp-content/uploads/2019/12/xWhatsApp-Image-2019-12-17-at-9.00.42-PM.jpeg.pagespeed.ic.7VlSwBE8kU.jpg]
[www.swarksha.org/wp-content/uploads/2019/12/xWhatsApp-Image-2019-12-10-at-5.20.37-PM.jpeg.pagespeed.ic.N83Pajs4gD.jpg]
[www.swarksha.org/wp-content/uploads/2019/12/xWhatsApp-Image-2019-12-17-at-9.00.39-PM.jpeg.pagespeed.ic.lFBu8hu9sV.jpg]
[www.paypalobjects.com/en_US/i/btn/btn_donateCC_LG.gif]
[translate.google.com/translate_a/element.2acd15.delayed]
[www.swarksha.org/wp-content/plugins/elementor-pro/assets/js/frontend.min.js,qver=2.2.5.pagespeed.jm.MCT1Bc9I_K.js]
[www.swarksha.org/wp-content/plugins/elementor,_assets,_lib,_slick,_slick.min.js,qver==1.8.1+elementor-pro,_assets,_lib,_social-share,_social-share.min.js,qver==0.2.17+elementor-pro,_assets,_lib,_sticky,_jquery.stick]
[www.swarksha.org/wp-content,_plugins,_google-language-translator,_js,_scripts.js,qver==6.0.3+wp-includes,_js,_wp-embed.min.js,qver==5.3.2+wp-content,_plugins,_elementor-pro,_assets,_lib,_smartmenus,_jquery.smartmenu]
[www.swarksha.org/index.html]
[www.swarksha.org/wp-includes/css/dist/block-library/style.min.css,qver=5.3.2.pagespeed.ce.nu3cUbC0ol.css]
[www.swarksha.org/wp-content/plugins/google-language-translator/images/xflags22.png.pagespeed.ic.w6T5PqjHJo.png]
[www.swarksha.org/wp-content/plugins/elementor/assets/js/frontend.min.js,qver=2.8.2.pagespeed.jm.72txA8WeDu.js]
[www.swarksha.org/wp-content,_plugins,_elementor,_assets,_js,_frontend-modules.min.js,qver==2.8.2+wp-includes,_js,_jquery,_ui,_position.min.js,qver==1.11.4+wp-content,_plugins,_elementor,_assets,_lib,_dialog,_dialog]
[www.swarksha.org/wp-content/plugins/google-language-translator/css/A.style.css,qver=6.0.3.pagespeed.cf.9lf7_Ptp4p.css]
[www.swarksha.org/wp-content/plugins/google-language-translator/css/A.toolbar.css,qver=6.0.3.pagespeed.cf.Nn8JN1agSk.css]
[www.swarksha.org/wp-content/plugins/sp-news-and-widget/assets/css/A.stylenews.css,qver=4.2.pagespeed.cf.9VV_Enr8VG.css]
[www.swarksha.org/wp-content/themes/twentynineteen/A.style.css,qver=1.4.pagespeed.cf.8KpZ4tMKXP.css]
[www.swarksha.org/wp-content/themes/twentynineteen/A.print.css,qver=1.4.pagespeed.cf.cJxSsWHbdG.css]
[use.fontawesome.com/releases/v5.12.0/css/all.css]
[www.swarksha.org/wp-content/plugins/elementor/assets/lib/swiper/swiper.min.js,qver=4.4.6.pagespeed.jm.b6eRSjZRcI.js]
[www.swarksha.org/wp-content/plugins/elementor/assets/lib/eicons/fonts/eiconsdb5f.eot]
[www.swarksha.org/wp-content/plugins/elementor/assets/lib/eicons/fonts/eiconsdb5f.woff2]
[www.swarksha.org/wp-content/plugins/elementor/assets/lib/eicons/fonts/eiconsdb5f.woff]
[www.swarksha.org/wp-content/plugins/elementor/assets/lib/eicons/fonts/eiconsdb5f.ttf]
[www.swarksha.org/wp-content/plugins/elementor/assets/lib/eicons/css/A.elementor-icons.min.css,qver=5.5.0.pagespeed.cf.t1QswRRtW1.css]
[www.swarksha.org/wp-content/plugins/elementor/assets/lib/animations/animations.min.css,qver=2.8.2.pagespeed.ce.RgG6VQREE3.css]
[www.swarksha.org/wp-content/plugins/elementor/assets/css/frontend.min.css,qver=2.8.2.pagespeed.ce.18shS0Z9Pm.css]
[www.swarksha.org/wp-content/plugins/elementor-pro/assets/css/frontend.min.css,qver=2.2.5.pagespeed.ce.Cqh0RVlyQb.css]
[www.swarksha.org/wp-content/uploads/elementor/css/A.global.css,qver=1576660314.pagespeed.cf.kbxQTW_JuE.css]
[52.66.5.98/wp-content/uploads/2019/12/Uber.png]
[www.swarksha.org/wp-content/uploads/elementor/css/A.post-8.css,qver=1576782255.pagespeed.cf.Vx_zWlU4TI.css]
[cdn.jsdelivr.net/fontawesome/4.7.0/css/font-awesome.min1849.css]
[use.fontawesome.com/releases/v5.12.0/css/v4-shims.css]
[www.swarksha.org/wp-content/plugins/elementor/assets/lib/font-awesome/css/A.fontawesome.min.css,qver=5.9.0.pagespeed.cf.rNWeQGtd2r.css]
[www.swarksha.org/wp-content/plugins/elementor/assets/lib/font-awesome/webfonts/fa-solid-900.svg]
[translate.google.com/translate_a/elementcd15.html]
[www.swarksha.org/wp-content/plugins/elementor/assets/lib/eicons/fonts/eiconsdb5f.svg]
[www.paypal.com/en_US/i/scr/pixel.gif]
